[       8ms] [LOG] APS_GO [ONLOAD] [Object, Object, Object] @ https://www.autoevolution.com/moto/yamaha-road-star-warrior-2005.html:531
[     478ms] [WARNING]  is not a valid value for uspDnsText @ https://cmp.inmobi.com/tcfv2/cmp2.js?referer=www.autoevolution.com:1
[     751ms] [LOG] uspData set usp out of jurisiction value @ https://cmp.inmobi.com/tcfv2/cmp2.js?referer=www.autoevolution.com:1
[     751ms] [WARNING] Google basic consent is not applicable. @ https://cmp.inmobi.com/tcfv2/cmp2.js?referer=www.autoevolution.com:1
[     752ms] [WARNING] Regulation is not applicable, hence visit event is not sent. @ https://cmp.inmobi.com/tcfv2/cmp2.js?referer=www.autoevolution.com:1
[     753ms] [LOG] Regulation is not applicable, but make signalStatus as ready. @ https://cmp.inmobi.com/tcfv2/cmp2.js?referer=www.autoevolution.com:1
[    1205ms] [WARNING] [GPT] Using deprecated googletag.encryptedSignalProviders. Please use googletag.secureSignalProviders instead.
https://goo.gle/gpt-message#155 @ https://securepubads.g.doubleclick.net/pagead/managed/js/gpt/m202603310101/pubads_impl.js:18
[    2183ms] [WARNING] [GPT] Using deprecated googletag.encryptedSignalProviders. Please use googletag.secureSignalProviders instead.
https://goo.gle/gpt-message#155 @ https://securepubads.g.doubleclick.net/pagead/managed/js/gpt/m202603310101/pubads_impl.js:18
[    2371ms] [LOG] LZLD: ADSLOT_DESKTOP_BILLBOARD_ATF_1 -> fetched @ https://www.autoevolution.com/moto/yamaha-road-star-warrior-2005.html:580
[    2371ms] [LOG] LZLD: ADSLOT_DESKTOP_MPU_ATF_1 -> fetched @ https://www.autoevolution.com/moto/yamaha-road-star-warrior-2005.html:580
[    2371ms] [LOG] LZLD: ADSLOT_DESKTOP_MPU_BTF_1 -> fetched @ https://www.autoevolution.com/moto/yamaha-road-star-warrior-2005.html:580
[    3056ms] [LOG] LZLD: ADSLOT_DESKTOP_MPU_ATF_1 -> rendered @ https://www.autoevolution.com/moto/yamaha-road-star-warrior-2005.html:580
[    3057ms] [LOG] LZLD: ADSLOT_DESKTOP_MPU_BTF_1 -> rendered @ https://www.autoevolution.com/moto/yamaha-road-star-warrior-2005.html:580
[    3312ms] [INFO] Powered by AMP ⚡ HTML – Version 2603032146000 https://www.autoevolution.com/moto/yamaha-road-star-warrior-2005.html @ https://cdn.ampproject.org/rtv/012603032146000/amp4ads-v0.mjs:1
[    3331ms] [INFO] Powered by AMP ⚡ HTML – Version 2603032146000 https://www.autoevolution.com/moto/yamaha-road-star-warrior-2005.html @ https://cdn.ampproject.org/rtv/012603032146000/amp4ads-v0.mjs:1
[    4099ms] [LOG] LZLD: ADSLOT_DESKTOP_MPU_ATF_1 -> viewable @ https://www.autoevolution.com/moto/yamaha-road-star-warrior-2005.html:580
[    4133ms] [ERROR] Attestation check for Shared Storage on https://www.googleadservices.com failed. @ https://www.googleadservices.com/pagead/managed/js/activeview/current/reach_worklet.html:0
[    4458ms] [LOG] LZLD: ADSLOT_DESKTOP_BILLBOARD_ATF_1 -> rendered @ https://www.autoevolution.com/moto/yamaha-road-star-warrior-2005.html:580
[    5178ms] [DIR] SyntaxError @ https://js.ad-score.com/score.min.js?pid=1000941&tt=g:1
[    5512ms] [WARNING] The powerPreference option is currently ignored when calling requestAdapter() on Windows. See https://crbug.com/369219127 @ https://js.ad-score.com/score.min.js?pid=1000941&tt=g:1
[    5688ms] Failed to read a named property 'document' from 'Window': Blocked a frame with origin "https://5cd735d8ae5f0a7b488ed0c4a7ab010e.safeframe.googlesyndication.com" from accessing a frame with origin "https://www.autoevolution.com". Protocols, domains, and ports must match.
[    5688ms] Failed to read a named property 'document' from 'Window': Blocked a frame with origin "https://5cd735d8ae5f0a7b488ed0c4a7ab010e.safeframe.googlesyndication.com" from accessing a frame with origin "https://www.autoevolution.com". Protocols, domains, and ports must match.
[    6129ms] [LOG] LZLD: ADSLOT_DESKTOP_BILLBOARD_ATF_1 -> viewable @ https://www.autoevolution.com/moto/yamaha-road-star-warrior-2005.html:580
[    7974ms] [ERROR] Failed to load resource: the server responded with a status of 404 () @ https://id5-sync.com/k/264.gif?puid=99622759-40e9-405a-83b3-decd9120f682&ttl=%%TTL%%:0
[    9076ms] [ERROR] Failed to load resource: the server responded with a status of 404 () @ https://x.bidswitch.net/sync?ssp=synacor&user_id=77D124C3A56B47C6854F09491B3CC73A:0
[    9138ms] [ERROR] Failed to load resource: the server responded with a status of 422 () @ https://match.sharethrough.com/FGMrCMMc/v1?redirectUri=https%3A%2F%2Fsync.sparteo.com%2Fsetuid%3Fpslabel%3Dnull%26bidder%3Dsharethrough%26gdpr%3D0%26gdpr_consent%3D%26us_privacy%3D%26gpp%3D%26gpp_sid%3D%26f%3Di%26uid%3D%24UID&gdpr=0&gdpr_consent=&us_privacy=:0
[    9288ms] [ERROR] Failed to load resource: the server responded with a status of 400 () @ https://match.prod.bidr.io/cookie-sync/syn?_bee_ppp=1:0
[    9344ms] [ERROR] Failed to load resource: net::ERR_CERT_DATE_INVALID @ https://tracker.adex-rtb.com/sync?id=1&uid=77D124C3A56B47C6854F09491B3CC73A:0
[    9703ms] [ERROR] Failed to load resource: the server responded with a status of 404 () @ https://id5-sync.com/k/285.gif?puid=MNJFECHP-1A-1886&gdpr=0:0
[   10233ms] [WARNING] The resource https://s1.cdn.autoevolution.com/_css/fonts/coresans/coresansn45-webfont.woff2?v=2 was preloaded using link preload but not used within a few seconds from the window's load event. Please make sure it has an appropriate `as` value and it is preloaded intentionally. @ https://www.autoevolution.com/moto/yamaha-road-star-warrior-2005.html#aeng_yamaha-road-star-warrior-2005-1670:0
[   16328ms] [ERROR] Failed to load resource: net::ERR_TOO_MANY_REDIRECTS @ https://sync.pmbmonetize.live/psync?t=d&e=92&u=usid1-168784c0-361b-4965-9d41-55f93b98806b&clp=aHR0cHM6Ly9tZWFzdXJlYWR2LmNvbS91c2VyQmFja0lmcmFtZT91aWQ9JVVTRVJfSUQlJmdkcHI9e0dEUFJ9JmdkcHJfY29uc2VudD17R0RQUl9DT05TRU5UfSZwPTE:0
[   25126ms] [WARNING] The resource https://s1.cdn.autoevolution.com/_css/fonts/coresans/coresansn45-webfont.woff2?v=2 was preloaded using link preload but not used within a few seconds from the window's load event. Please make sure it has an appropriate `as` value and it is preloaded intentionally. @ https://www.autoevolution.com/moto/yamaha-road-star-warrior-2005.html#aeng_yamaha-road-star-warrior-2005-1670:0
